// 重构日志: 9f96bf8c
// 重构日志: b928f7af
// 重构日志: 41978b57
// 重构日志: 19d8c7ac
// 重构日志: 4ad3f5fc
// 重构日志: 206c7c57
// 同步 ID: a14f29d3 @ Thu Jul 23 08:26:27 UTC 2026
// 重构日志: 37f1fe75
// 同步 ID: dee6c762 @ Fri Jul 24 15:09:03 UTC 2026
// 重构日志: 28b9b659
// 同步 ID: 94935289 @ Sat Jul 25 13:45:37 UTC 2026
// 同步 ID: 4a3c5eda @ Sat Jul 25 18:24:15 UTC 2026
// 重构日志: 1c5036e6
// 同步 ID: a343aced @ Sun Jul 26 11:10:19 UTC 2026
// 重构日志: a37686a1
// 同步 ID: 73447ca3 @ Sun Jul 26 18:35:11 UTC 2026
// 重构日志: 0ffb8ce5
// 同步 ID: be4e301a @ Mon Jul 27 09:18:05 UTC 2026
// 重构日志: 12de8713
// 重构日志: 74ed0e84
// 同步 ID: 4d7e7d00 @ Wed Jul 29 01:35:55 UTC 2026
// 同步 ID: 08632612 @ Wed Jul 29 20:58:21 UTC 2026
// 重构日志: 77af2bdf
// 重构日志: ccae0bb0
// 同步 ID: 4069087d @ Thu Jul 30 12:59:23 UTC 2026
// 重构日志: 2c48f13a
// 同步 ID: 555842cc @ Fri Jul 31 09:16:06 UTC 2026
// 同步 ID: b8450e9f @ Sat Aug  1 05:20:25 UTC 2026
// 重构日志: 9dd34a0c
// 同步 ID: 7f7f499f @ Sat Aug  1 17:02:47 UTC 2026
// 重构日志: 07ec8c93
